Analysis & Synthesis report for SCP
Thu May 16 21:49:56 2019
Quartus Prime Version 18.0.0 Build 614 04/24/2018 SJ Lite Edition


---------------------
; Table of Contents ;
---------------------
  1. Legal Notice
  2. Analysis & Synthesis Summary
  3. Analysis & Synthesis Settings
  4. Parallel Compilation
  5. Analysis & Synthesis Source Files Read
  6. Analysis & Synthesis Resource Usage Summary
  7. Analysis & Synthesis Resource Utilization by Entity
  8. General Register Statistics
  9. Multiplexer Restructuring Statistics (Restructuring Performed)
 10. Parameter Settings for User Entity Instance: SCP:inst2|EXECUTE:inst3|REG:inst1
 11. Parameter Settings for User Entity Instance: SCP:inst2|DECODE:inst|BUSMUX_2TO1:inst2
 12. Parameter Settings for User Entity Instance: SCP:inst2|DECODE:inst|BUSMUX_2TO1:inst8
 13. Parameter Settings for User Entity Instance: SCP:inst2|DECODE:inst|ADDER:inst7
 14. Parameter Settings for User Entity Instance: SCP:inst2|FETCH:inst1|REG:inst1
 15. Parameter Settings for User Entity Instance: SCP:inst2|FETCH:inst1|ADDER:inst2
 16. Parameter Settings for User Entity Instance: SCP:inst2|FETCH:inst1|LPM_CONSTANT:inst4
 17. Parameter Settings for User Entity Instance: SCP:inst2|FETCH:inst1|ADDER:inst3
 18. Parameter Settings for User Entity Instance: SCP:inst2|FETCH:inst1|LPM_CONSTANT:inst5
 19. Parameter Settings for User Entity Instance: SCP:inst2|BUSMUX_2TO1:inst5
 20. Parameter Settings for User Entity Instance: SCP:inst2|BUSMUX_2TO1:inst4
 21. Parameter Settings for User Entity Instance: BUSMUX_2TO1:inst16
 22. Parameter Settings for User Entity Instance: SLIDERIN:inst4|REG:REG
 23. Parameter Settings for User Entity Instance: LEDOUT:inst|REG:inst
 24. Parameter Settings for User Entity Instance: SEG7OUT:inst1|REG:inst
 25. Port Connectivity Checks: "SLIDERIN:inst4|REG:REG"
 26. Post-Synthesis Netlist Statistics for Top Partition
 27. Elapsed Time Per Partition
 28. Analysis & Synthesis Messages



----------------
; Legal Notice ;
----------------
Copyright (C) 2018  Intel Corporation. All rights reserved.
Your use of Intel Corporation's design tools, logic functions 
and other software and tools, and its AMPP partner logic 
functions, and any output files from any of the foregoing 
(including device programming or simulation files), and any 
associated documentation or information are expressly subject 
to the terms and conditions of the Intel Program License 
Subscription Agreement, the Intel Quartus Prime License Agreement,
the Intel FPGA IP License Agreement, or other applicable license
agreement, including, without limitation, that your use is for
the sole purpose of programming logic devices manufactured by
Intel and sold by Intel or its authorized distributors.  Please
refer to the applicable agreement for further details.



+----------------------------------------------------------------------------------+
; Analysis & Synthesis Summary                                                     ;
+------------------------------------+---------------------------------------------+
; Analysis & Synthesis Status        ; Successful - Thu May 16 21:49:56 2019       ;
; Quartus Prime Version              ; 18.0.0 Build 614 04/24/2018 SJ Lite Edition ;
; Revision Name                      ; SCP                                         ;
; Top-level Entity Name              ; SYSTEM                                      ;
; Family                             ; MAX 10                                      ;
; Total logic elements               ; 3,739                                       ;
;     Total combinational functions  ; 2,221                                       ;
;     Dedicated logic registers      ; 1,618                                       ;
; Total registers                    ; 1618                                        ;
; Total pins                         ; 223                                         ;
; Total virtual pins                 ; 0                                           ;
; Total memory bits                  ; 0                                           ;
; Embedded Multiplier 9-bit elements ; 0                                           ;
; Total PLLs                         ; 0                                           ;
; UFM blocks                         ; 0                                           ;
; ADC blocks                         ; 0                                           ;
+------------------------------------+---------------------------------------------+


+------------------------------------------------------------------------------------------------------------+
; Analysis & Synthesis Settings                                                                              ;
+------------------------------------------------------------------+--------------------+--------------------+
; Option                                                           ; Setting            ; Default Value      ;
+------------------------------------------------------------------+--------------------+--------------------+
; Device                                                           ; 10M50DAF484C7G     ;                    ;
; Top-level entity name                                            ; SYSTEM             ; SCP                ;
; Family name                                                      ; MAX 10             ; Cyclone V          ;
; Block Design Naming                                              ; QuartusII          ; Auto               ;
; Use smart compilation                                            ; Off                ; Off                ;
; Enable parallel Assembler and Timing Analyzer during compilation ; On                 ; On                 ;
; Enable compact report table                                      ; Off                ; Off                ;
; Restructure Multiplexers                                         ; Auto               ; Auto               ;
; Create Debugging Nodes for IP Cores                              ; Off                ; Off                ;
; Preserve fewer node names                                        ; On                 ; On                 ;
; Intel FPGA IP Evaluation Mode                                    ; Enable             ; Enable             ;
; Verilog Version                                                  ; Verilog_2001       ; Verilog_2001       ;
; VHDL Version                                                     ; VHDL_1993          ; VHDL_1993          ;
; State Machine Processing                                         ; Auto               ; Auto               ;
; Safe State Machine                                               ; Off                ; Off                ;
; Extract Verilog State Machines                                   ; On                 ; On                 ;
; Extract VHDL State Machines                                      ; On                 ; On                 ;
; Ignore Verilog initial constructs                                ; Off                ; Off                ;
; Iteration limit for constant Verilog loops                       ; 5000               ; 5000               ;
; Iteration limit for non-constant Verilog loops                   ; 250                ; 250                ;
; Add Pass-Through Logic to Inferred RAMs                          ; On                 ; On                 ;
; Infer RAMs from Raw Logic                                        ; On                 ; On                 ;
; Parallel Synthesis                                               ; On                 ; On                 ;
; DSP Block Balancing                                              ; Auto               ; Auto               ;
; NOT Gate Push-Back                                               ; On                 ; On                 ;
; Power-Up Don't Care                                              ; On                 ; On                 ;
; Remove Redundant Logic Cells                                     ; Off                ; Off                ;
; Remove Duplicate Registers                                       ; On                 ; On                 ;
; Ignore CARRY Buffers                                             ; Off                ; Off                ;
; Ignore CASCADE Buffers                                           ; Off                ; Off                ;
; Ignore GLOBAL Buffers                                            ; Off                ; Off                ;
; Ignore ROW GLOBAL Buffers                                        ; Off                ; Off                ;
; Ignore LCELL Buffers                                             ; Off                ; Off                ;
; Ignore SOFT Buffers                                              ; On                 ; On                 ;
; Limit AHDL Integers to 32 Bits                                   ; Off                ; Off                ;
; Optimization Technique                                           ; Balanced           ; Balanced           ;
; Carry Chain Length                                               ; 70                 ; 70                 ;
; Auto Carry Chains                                                ; On                 ; On                 ;
; Auto Open-Drain Pins                                             ; On                 ; On                 ;
; Perform WYSIWYG Primitive Resynthesis                            ; Off                ; Off                ;
; Auto ROM Replacement                                             ; On                 ; On                 ;
; Auto RAM Replacement                                             ; On                 ; On                 ;
; Auto DSP Block Replacement                                       ; On                 ; On                 ;
; Auto Shift Register Replacement                                  ; Auto               ; Auto               ;
; Allow Shift Register Merging across Hierarchies                  ; Auto               ; Auto               ;
; Auto Clock Enable Replacement                                    ; On                 ; On                 ;
; Strict RAM Replacement                                           ; Off                ; Off                ;
; Allow Synchronous Control Signals                                ; On                 ; On                 ;
; Force Use of Synchronous Clear Signals                           ; Off                ; Off                ;
; Auto RAM Block Balancing                                         ; On                 ; On                 ;
; Auto RAM to Logic Cell Conversion                                ; Off                ; Off                ;
; Auto Resource Sharing                                            ; Off                ; Off                ;
; Allow Any RAM Size For Recognition                               ; Off                ; Off                ;
; Allow Any ROM Size For Recognition                               ; Off                ; Off                ;
; Allow Any Shift Register Size For Recognition                    ; Off                ; Off                ;
; Use LogicLock Constraints during Resource Balancing              ; On                 ; On                 ;
; Ignore translate_off and synthesis_off directives                ; Off                ; Off                ;
; Timing-Driven Synthesis                                          ; On                 ; On                 ;
; Report Parameter Settings                                        ; On                 ; On                 ;
; Report Source Assignments                                        ; On                 ; On                 ;
; Report Connectivity Checks                                       ; On                 ; On                 ;
; Ignore Maximum Fan-Out Assignments                               ; Off                ; Off                ;
; Synchronization Register Chain Length                            ; 2                  ; 2                  ;
; Power Optimization During Synthesis                              ; Normal compilation ; Normal compilation ;
; HDL message level                                                ; Level2             ; Level2             ;
; Suppress Register Optimization Related Messages                  ; Off                ; Off                ;
; Number of Removed Registers Reported in Synthesis Report         ; 5000               ; 5000               ;
; Number of Swept Nodes Reported in Synthesis Report               ; 5000               ; 5000               ;
; Number of Inverted Registers Reported in Synthesis Report        ; 100                ; 100                ;
; Clock MUX Protection                                             ; On                 ; On                 ;
; Auto Gated Clock Conversion                                      ; Off                ; Off                ;
; SDC constraint protection                                        ; Off                ; Off                ;
; Synthesis Effort                                                 ; Auto               ; Auto               ;
; Shift Register Replacement - Allow Asynchronous Clear Signal     ; On                 ; On                 ;
; Pre-Mapping Resynthesis Optimization                             ; Off                ; Off                ;
; Analysis & Synthesis Message Level                               ; Medium             ; Medium             ;
; Disable Register Merging Across Hierarchies                      ; Auto               ; Auto               ;
; Resource Aware Inference For Block RAM                           ; On                 ; On                 ;
+------------------------------------------------------------------+--------------------+--------------------+


+------------------------------------------+
; Parallel Compilation                     ;
+----------------------------+-------------+
; Processors                 ; Number      ;
+----------------------------+-------------+
; Number detected on machine ; 8           ;
; Maximum allowed            ; 4           ;
;                            ;             ;
; Average used               ; 1.00        ;
; Maximum used               ; 4           ;
;                            ;             ;
; Usage by Processor         ; % Time Used ;
;     Processor 1            ; 100.0%      ;
;     Processor 2            ;   0.1%      ;
;     Processor 3            ;   0.0%      ;
;     Processor 4            ;   0.0%      ;
+----------------------------+-------------+


+-----------------------------------------------------------------------------------------------------------------------------------------------------------------------------+
; Analysis & Synthesis Source Files Read                                                                                                                                      ;
+----------------------------------+-----------------+------------------------------------+-------------------------------------------------------------------------+---------+
; File Name with User-Entered Path ; Used in Netlist ; File Type                          ; File Name with Absolute Path                                            ; Library ;
+----------------------------------+-----------------+------------------------------------+-------------------------------------------------------------------------+---------+
; SEG7OUT.bdf                      ; yes             ; User Block Diagram/Schematic File  ; D:/Documents/SCHOOL/CE1921/WK10_LAB/SCP/SEG7OUT.bdf                     ;         ;
; REGFILE.vhd                      ; yes             ; User VHDL File                     ; D:/Documents/SCHOOL/CE1921/WK10_LAB/SCP/REGFILE.vhd                     ;         ;
; DMEM.vhd                         ; yes             ; User VHDL File                     ; D:/Documents/SCHOOL/CE1921/WK10_LAB/SCP/DMEM.vhd                        ;         ;
; BARRELSHIFTER.vhd                ; yes             ; User VHDL File                     ; D:/Documents/SCHOOL/CE1921/WK10_LAB/SCP/BARRELSHIFTER.vhd               ;         ;
; EXTENDER.vhd                     ; yes             ; User VHDL File                     ; D:/Documents/SCHOOL/CE1921/WK10_LAB/SCP/EXTENDER.vhd                    ;         ;
; REG.vhd                          ; yes             ; User VHDL File                     ; D:/Documents/SCHOOL/CE1921/WK10_LAB/SCP/REG.vhd                         ;         ;
; ALU.vhd                          ; yes             ; User VHDL File                     ; D:/Documents/SCHOOL/CE1921/WK10_LAB/SCP/ALU.vhd                         ;         ;
; FETCH.bdf                        ; yes             ; User Block Diagram/Schematic File  ; D:/Documents/SCHOOL/CE1921/WK10_LAB/SCP/FETCH.bdf                       ;         ;
; DECODE.bdf                       ; yes             ; User Block Diagram/Schematic File  ; D:/Documents/SCHOOL/CE1921/WK10_LAB/SCP/DECODE.bdf                      ;         ;
; EXECUTE.bdf                      ; yes             ; User Block Diagram/Schematic File  ; D:/Documents/SCHOOL/CE1921/WK10_LAB/SCP/EXECUTE.bdf                     ;         ;
; ADDER.vhd                        ; yes             ; User VHDL File                     ; D:/Documents/SCHOOL/CE1921/WK10_LAB/SCP/ADDER.vhd                       ;         ;
; SCP.bdf                          ; yes             ; User Block Diagram/Schematic File  ; D:/Documents/SCHOOL/CE1921/WK10_LAB/SCP/SCP.bdf                         ;         ;
; BUSMUX_2TO1.vhd                  ; yes             ; User VHDL File                     ; D:/Documents/SCHOOL/CE1921/WK10_LAB/SCP/BUSMUX_2TO1.vhd                 ;         ;
; CONTROLLER.vhd                   ; yes             ; User VHDL File                     ; D:/Documents/SCHOOL/CE1921/WK10_LAB/SCP/CONTROLLER.vhd                  ;         ;
; IROMV5.vhd                       ; yes             ; User VHDL File                     ; D:/Documents/SCHOOL/CE1921/WK10_LAB/SCP/IROMV5.vhd                      ;         ;
; SYNCHRONIZER.vhd                 ; yes             ; User VHDL File                     ; D:/Documents/SCHOOL/CE1921/WK10_LAB/SCP/SYNCHRONIZER.vhd                ;         ;
; SEG7DECODER.vhd                  ; yes             ; User VHDL File                     ; D:/Documents/SCHOOL/CE1921/WK10_LAB/SCP/SEG7DECODER.vhd                 ;         ;
; LEDOUT.bdf                       ; yes             ; User Block Diagram/Schematic File  ; D:/Documents/SCHOOL/CE1921/WK10_LAB/SCP/LEDOUT.bdf                      ;         ;
; ADDRDECODER.vhd                  ; yes             ; User VHDL File                     ; D:/Documents/SCHOOL/CE1921/WK10_LAB/SCP/ADDRDECODER.vhd                 ;         ;
; SLIDERIN.vhd                     ; yes             ; User VHDL File                     ; D:/Documents/SCHOOL/CE1921/WK10_LAB/SCP/SLIDERIN.vhd                    ;         ;
; SYSTEM.bdf                       ; yes             ; User Block Diagram/Schematic File  ; D:/Documents/SCHOOL/CE1921/WK10_LAB/SCP/SYSTEM.bdf                      ;         ;
; lpm_constant.tdf                 ; yes             ; Megafunction                       ; c:/intelfpga_lite/18.0/quartus/libraries/megafunctions/lpm_constant.tdf ;         ;
; db/lpm_constant_4j4.tdf          ; yes             ; Auto-Generated Megafunction        ; D:/Documents/SCHOOL/CE1921/WK10_LAB/SCP/db/lpm_constant_4j4.tdf         ;         ;
; db/lpm_constant_8j4.tdf          ; yes             ; Auto-Generated Megafunction        ; D:/Documents/SCHOOL/CE1921/WK10_LAB/SCP/db/lpm_constant_8j4.tdf         ;         ;
+----------------------------------+-----------------+------------------------------------+-------------------------------------------------------------------------+---------+


+---------------------------------------------------------+
; Analysis & Synthesis Resource Usage Summary             ;
+---------------------------------------------+-----------+
; Resource                                    ; Usage     ;
+---------------------------------------------+-----------+
; Estimated Total logic elements              ; 3,739     ;
;                                             ;           ;
; Total combinational functions               ; 2221      ;
; Logic element usage by number of LUT inputs ;           ;
;     -- 4 input functions                    ; 1849      ;
;     -- 3 input functions                    ; 277       ;
;     -- <=2 input functions                  ; 95        ;
;                                             ;           ;
; Logic elements by mode                      ;           ;
;     -- normal mode                          ; 2100      ;
;     -- arithmetic mode                      ; 121       ;
;                                             ;           ;
; Total registers                             ; 1618      ;
;     -- Dedicated logic registers            ; 1618      ;
;     -- I/O registers                        ; 0         ;
;                                             ;           ;
; I/O pins                                    ; 223       ;
;                                             ;           ;
; Embedded Multiplier 9-bit elements          ; 0         ;
;                                             ;           ;
; Maximum fan-out node                        ; CLK~input ;
; Maximum fan-out                             ; 1618      ;
; Total fan-out                               ; 14304     ;
; Average fan-out                             ; 3.34      ;
+---------------------------------------------+-----------+


+------------------------------------------------------------------------------------------------------------------------------------------------------------------------------------------------------------------------------------------------------------------------+
; Analysis & Synthesis Resource Utilization by Entity                                                                                                                                                                                                                    ;
+--------------------------------+---------------------+---------------------------+-------------+------------+--------------+---------+-----------+------+--------------+------------+---------------------------------------------------+---------------+--------------+
; Compilation Hierarchy Node     ; Combinational ALUTs ; Dedicated Logic Registers ; Memory Bits ; UFM Blocks ; DSP Elements ; DSP 9x9 ; DSP 18x18 ; Pins ; Virtual Pins ; ADC blocks ; Full Hierarchy Name                               ; Entity Name   ; Library Name ;
+--------------------------------+---------------------+---------------------------+-------------+------------+--------------+---------+-----------+------+--------------+------------+---------------------------------------------------+---------------+--------------+
; |SYSTEM                        ; 2221 (0)            ; 1618 (0)                  ; 0           ; 0          ; 0            ; 0       ; 0         ; 223  ; 0            ; 0          ; |SYSTEM                                           ; SYSTEM        ; work         ;
;    |ADDRDECODER:inst3|         ; 5 (5)               ; 0 (0)                     ; 0           ; 0          ; 0            ; 0       ; 0         ; 0    ; 0            ; 0          ; |SYSTEM|ADDRDECODER:inst3                         ; ADDRDECODER   ; work         ;
;    |DMEM:inst6|                ; 671 (671)           ; 1024 (1024)               ; 0           ; 0          ; 0            ; 0       ; 0         ; 0    ; 0            ; 0          ; |SYSTEM|DMEM:inst6                                ; DMEM          ; work         ;
;    |LEDOUT:inst|               ; 0 (0)               ; 10 (0)                    ; 0           ; 0          ; 0            ; 0       ; 0         ; 0    ; 0            ; 0          ; |SYSTEM|LEDOUT:inst                               ; LEDOUT        ; work         ;
;       |REG:inst|               ; 0 (0)               ; 10 (10)                   ; 0           ; 0          ; 0            ; 0       ; 0         ; 0    ; 0            ; 0          ; |SYSTEM|LEDOUT:inst|REG:inst                      ; REG           ; work         ;
;    |SCP:inst2|                 ; 1503 (0)            ; 548 (0)                   ; 0           ; 0          ; 0            ; 0       ; 0         ; 0    ; 0            ; 0          ; |SYSTEM|SCP:inst2                                 ; SCP           ; work         ;
;       |BUSMUX_2TO1:inst4|      ; 122 (122)           ; 0 (0)                     ; 0           ; 0          ; 0            ; 0       ; 0         ; 0    ; 0            ; 0          ; |SYSTEM|SCP:inst2|BUSMUX_2TO1:inst4               ; BUSMUX_2TO1   ; work         ;
;       |CONTROLLER:inst8|       ; 36 (36)             ; 0 (0)                     ; 0           ; 0          ; 0            ; 0       ; 0         ; 0    ; 0            ; 0          ; |SYSTEM|SCP:inst2|CONTROLLER:inst8                ; CONTROLLER    ; work         ;
;       |DECODE:inst|            ; 988 (0)             ; 512 (0)                   ; 0           ; 0          ; 0            ; 0       ; 0         ; 0    ; 0            ; 0          ; |SYSTEM|SCP:inst2|DECODE:inst                     ; DECODE        ; work         ;
;          |ADDER:inst7|         ; 32 (32)             ; 0 (0)                     ; 0           ; 0          ; 0            ; 0       ; 0         ; 0    ; 0            ; 0          ; |SYSTEM|SCP:inst2|DECODE:inst|ADDER:inst7         ; ADDER         ; work         ;
;          |BARRELSHIFTER:inst3| ; 253 (253)           ; 0 (0)                     ; 0           ; 0          ; 0            ; 0       ; 0         ; 0    ; 0            ; 0          ; |SYSTEM|SCP:inst2|DECODE:inst|BARRELSHIFTER:inst3 ; BARRELSHIFTER ; work         ;
;          |BUSMUX_2TO1:inst2|   ; 6 (6)               ; 0 (0)                     ; 0           ; 0          ; 0            ; 0       ; 0         ; 0    ; 0            ; 0          ; |SYSTEM|SCP:inst2|DECODE:inst|BUSMUX_2TO1:inst2   ; BUSMUX_2TO1   ; work         ;
;          |BUSMUX_2TO1:inst8|   ; 352 (352)           ; 0 (0)                     ; 0           ; 0          ; 0            ; 0       ; 0         ; 0    ; 0            ; 0          ; |SYSTEM|SCP:inst2|DECODE:inst|BUSMUX_2TO1:inst8   ; BUSMUX_2TO1   ; work         ;
;          |EXTENDER:inst1|      ; 1 (1)               ; 0 (0)                     ; 0           ; 0          ; 0            ; 0       ; 0         ; 0    ; 0            ; 0          ; |SYSTEM|SCP:inst2|DECODE:inst|EXTENDER:inst1      ; EXTENDER      ; work         ;
;          |REGFILE:inst|        ; 344 (344)           ; 512 (512)                 ; 0           ; 0          ; 0            ; 0       ; 0         ; 0    ; 0            ; 0          ; |SYSTEM|SCP:inst2|DECODE:inst|REGFILE:inst        ; REGFILE       ; work         ;
;       |EXECUTE:inst3|          ; 216 (0)             ; 4 (0)                     ; 0           ; 0          ; 0            ; 0       ; 0         ; 0    ; 0            ; 0          ; |SYSTEM|SCP:inst2|EXECUTE:inst3                   ; EXECUTE       ; work         ;
;          |ALU:inst|            ; 216 (216)           ; 0 (0)                     ; 0           ; 0          ; 0            ; 0       ; 0         ; 0    ; 0            ; 0          ; |SYSTEM|SCP:inst2|EXECUTE:inst3|ALU:inst          ; ALU           ; work         ;
;          |REG:inst1|           ; 0 (0)               ; 4 (4)                     ; 0           ; 0          ; 0            ; 0       ; 0         ; 0    ; 0            ; 0          ; |SYSTEM|SCP:inst2|EXECUTE:inst3|REG:inst1         ; REG           ; work         ;
;       |FETCH:inst1|            ; 141 (0)             ; 32 (0)                    ; 0           ; 0          ; 0            ; 0       ; 0         ; 0    ; 0            ; 0          ; |SYSTEM|SCP:inst2|FETCH:inst1                     ; FETCH         ; work         ;
;          |ADDER:inst3|         ; 29 (29)             ; 0 (0)                     ; 0           ; 0          ; 0            ; 0       ; 0         ; 0    ; 0            ; 0          ; |SYSTEM|SCP:inst2|FETCH:inst1|ADDER:inst3         ; ADDER         ; work         ;
;          |IROMV5:inst|         ; 82 (82)             ; 0 (0)                     ; 0           ; 0          ; 0            ; 0       ; 0         ; 0    ; 0            ; 0          ; |SYSTEM|SCP:inst2|FETCH:inst1|IROMV5:inst         ; IROMV5        ; work         ;
;          |REG:inst1|           ; 30 (30)             ; 32 (32)                   ; 0           ; 0          ; 0            ; 0       ; 0         ; 0    ; 0            ; 0          ; |SYSTEM|SCP:inst2|FETCH:inst1|REG:inst1           ; REG           ; work         ;
;    |SEG7OUT:inst1|             ; 42 (0)              ; 24 (0)                    ; 0           ; 0          ; 0            ; 0       ; 0         ; 0    ; 0            ; 0          ; |SYSTEM|SEG7OUT:inst1                             ; SEG7OUT       ; work         ;
;       |REG:inst|               ; 0 (0)               ; 24 (24)                   ; 0           ; 0          ; 0            ; 0       ; 0         ; 0    ; 0            ; 0          ; |SYSTEM|SEG7OUT:inst1|REG:inst                    ; REG           ; work         ;
;       |SEG7DECODER:inst1|      ; 42 (42)             ; 0 (0)                     ; 0           ; 0          ; 0            ; 0       ; 0         ; 0    ; 0            ; 0          ; |SYSTEM|SEG7OUT:inst1|SEG7DECODER:inst1           ; SEG7DECODER   ; work         ;
;    |SLIDERIN:inst4|            ; 0 (0)               ; 10 (0)                    ; 0           ; 0          ; 0            ; 0       ; 0         ; 0    ; 0            ; 0          ; |SYSTEM|SLIDERIN:inst4                            ; SLIDERIN      ; work         ;
;       |REG:REG|                ; 0 (0)               ; 10 (10)                   ; 0           ; 0          ; 0            ; 0       ; 0         ; 0    ; 0            ; 0          ; |SYSTEM|SLIDERIN:inst4|REG:REG                    ; REG           ; work         ;
;    |SYNCHRONIZER:inst5|        ; 0 (0)               ; 2 (2)                     ; 0           ; 0          ; 0            ; 0       ; 0         ; 0    ; 0            ; 0          ; |SYSTEM|SYNCHRONIZER:inst5                        ; SYNCHRONIZER  ; work         ;
+--------------------------------+---------------------+---------------------------+-------------+------------+--------------+---------+-----------+------+--------------+------------+---------------------------------------------------+---------------+--------------+
Note: For table entries with two numbers listed, the numbers in parentheses indicate the number of resources of the given type used by the specific entity alone. The numbers listed outside of parentheses indicate the total resources of the given type used by the specific entity and all of its sub-entities in the hierarchy.


+------------------------------------------------------+
; General Register Statistics                          ;
+----------------------------------------------+-------+
; Statistic                                    ; Value ;
+----------------------------------------------+-------+
; Total registers                              ; 1618  ;
; Number of registers using Synchronous Clear  ; 0     ;
; Number of registers using Synchronous Load   ; 30    ;
; Number of registers using Asynchronous Clear ; 594   ;
; Number of registers using Asynchronous Load  ; 0     ;
; Number of registers using Clock Enable       ; 1576  ;
; Number of registers using Preset             ; 0     ;
+----------------------------------------------+-------+


+-----------------------------------------------------------------------------------------------------------------------------------------------------------------------------+
; Multiplexer Restructuring Statistics (Restructuring Performed)                                                                                                              ;
+--------------------+-----------+---------------+----------------------+------------------------+------------+---------------------------------------------------------------+
; Multiplexer Inputs ; Bus Width ; Baseline Area ; Area if Restructured ; Saving if Restructured ; Registered ; Example Multiplexer Output                                    ;
+--------------------+-----------+---------------+----------------------+------------------------+------------+---------------------------------------------------------------+
; 3:1                ; 22 bits   ; 44 LEs        ; 44 LEs               ; 0 LEs                  ; No         ; |SYSTEM|SCP:inst2|BUSMUX_2TO1:inst4|Y[22]                     ;
; 3:1                ; 10 bits   ; 20 LEs        ; 20 LEs               ; 0 LEs                  ; No         ; |SYSTEM|SCP:inst2|BUSMUX_2TO1:inst4|Y[0]                      ;
; 8:1                ; 32 bits   ; 160 LEs       ; 128 LEs              ; 32 LEs                 ; No         ; |SYSTEM|SCP:inst2|EXECUTE:inst3|ALU:inst|Mux30                ;
; 16:1               ; 32 bits   ; 320 LEs       ; 320 LEs              ; 0 LEs                  ; No         ; |SYSTEM|SCP:inst2|DECODE:inst|REGFILE:inst|Mux7               ;
; 17:1               ; 32 bits   ; 352 LEs       ; 352 LEs              ; 0 LEs                  ; No         ; |SYSTEM|SCP:inst2|DECODE:inst|BUSMUX_2TO1:inst8|Y[24]         ;
; 7:1                ; 3 bits    ; 12 LEs        ; 12 LEs               ; 0 LEs                  ; No         ; |SYSTEM|SCP:inst2|DECODE:inst|BARRELSHIFTER:inst3|IMMSHFT[28] ;
; 8:1                ; 2 bits    ; 10 LEs        ; 8 LEs                ; 2 LEs                  ; No         ; |SYSTEM|SCP:inst2|DECODE:inst|BARRELSHIFTER:inst3|IMMSHFT[30] ;
; 8:1                ; 2 bits    ; 10 LEs        ; 8 LEs                ; 2 LEs                  ; No         ; |SYSTEM|SCP:inst2|DECODE:inst|BARRELSHIFTER:inst3|IMMSHFT[24] ;
; 7:1                ; 2 bits    ; 8 LEs         ; 8 LEs                ; 0 LEs                  ; No         ; |SYSTEM|SCP:inst2|CONTROLLER:inst8|ALUS[1]                    ;
; 8:1                ; 4 bits    ; 20 LEs        ; 16 LEs               ; 4 LEs                  ; No         ; |SYSTEM|SCP:inst2|DECODE:inst|BARRELSHIFTER:inst3|IMMSHFT[13] ;
; 8:1                ; 2 bits    ; 10 LEs        ; 8 LEs                ; 2 LEs                  ; No         ; |SYSTEM|SCP:inst2|DECODE:inst|BARRELSHIFTER:inst3|IMMSHFT[8]  ;
; 9:1                ; 3 bits    ; 18 LEs        ; 15 LEs               ; 3 LEs                  ; No         ; |SYSTEM|SCP:inst2|DECODE:inst|BARRELSHIFTER:inst3|IMMSHFT[19] ;
; 9:1                ; 7 bits    ; 42 LEs        ; 35 LEs               ; 7 LEs                  ; No         ; |SYSTEM|SCP:inst2|DECODE:inst|BARRELSHIFTER:inst3|IMMSHFT[9]  ;
; 10:1               ; 3 bits    ; 18 LEs        ; 18 LEs               ; 0 LEs                  ; No         ; |SYSTEM|SCP:inst2|DECODE:inst|BARRELSHIFTER:inst3|IMMSHFT[20] ;
+--------------------+-----------+---------------+----------------------+------------------------+------------+---------------------------------------------------------------+


+--------------------------------------------------------------------------------+
; Parameter Settings for User Entity Instance: SCP:inst2|EXECUTE:inst3|REG:inst1 ;
+----------------+-------+-------------------------------------------------------+
; Parameter Name ; Value ; Type                                                  ;
+----------------+-------+-------------------------------------------------------+
; n              ; 4     ; Signed Integer                                        ;
+----------------+-------+-------------------------------------------------------+
Note: In order to hide this table in the UI and the text report file, please set the "Show Parameter Settings in Synthesis Report" option in "Analysis and Synthesis Settings -> More Settings" to "Off".


+--------------------------------------------------------------------------------------+
; Parameter Settings for User Entity Instance: SCP:inst2|DECODE:inst|BUSMUX_2TO1:inst2 ;
+----------------+-------+-------------------------------------------------------------+
; Parameter Name ; Value ; Type                                                        ;
+----------------+-------+-------------------------------------------------------------+
; n              ; 4     ; Signed Integer                                              ;
+----------------+-------+-------------------------------------------------------------+
Note: In order to hide this table in the UI and the text report file, please set the "Show Parameter Settings in Synthesis Report" option in "Analysis and Synthesis Settings -> More Settings" to "Off".


+--------------------------------------------------------------------------------------+
; Parameter Settings for User Entity Instance: SCP:inst2|DECODE:inst|BUSMUX_2TO1:inst8 ;
+----------------+-------+-------------------------------------------------------------+
; Parameter Name ; Value ; Type                                                        ;
+----------------+-------+-------------------------------------------------------------+
; n              ; 32    ; Signed Integer                                              ;
+----------------+-------+-------------------------------------------------------------+
Note: In order to hide this table in the UI and the text report file, please set the "Show Parameter Settings in Synthesis Report" option in "Analysis and Synthesis Settings -> More Settings" to "Off".


+--------------------------------------------------------------------------------+
; Parameter Settings for User Entity Instance: SCP:inst2|DECODE:inst|ADDER:inst7 ;
+----------------+-------+-------------------------------------------------------+
; Parameter Name ; Value ; Type                                                  ;
+----------------+-------+-------------------------------------------------------+
; n              ; 32    ; Signed Integer                                        ;
+----------------+-------+-------------------------------------------------------+
Note: In order to hide this table in the UI and the text report file, please set the "Show Parameter Settings in Synthesis Report" option in "Analysis and Synthesis Settings -> More Settings" to "Off".


+------------------------------------------------------------------------------+
; Parameter Settings for User Entity Instance: SCP:inst2|FETCH:inst1|REG:inst1 ;
+----------------+-------+-----------------------------------------------------+
; Parameter Name ; Value ; Type                                                ;
+----------------+-------+-----------------------------------------------------+
; n              ; 32    ; Signed Integer                                      ;
+----------------+-------+-----------------------------------------------------+
Note: In order to hide this table in the UI and the text report file, please set the "Show Parameter Settings in Synthesis Report" option in "Analysis and Synthesis Settings -> More Settings" to "Off".


+--------------------------------------------------------------------------------+
; Parameter Settings for User Entity Instance: SCP:inst2|FETCH:inst1|ADDER:inst2 ;
+----------------+-------+-------------------------------------------------------+
; Parameter Name ; Value ; Type                                                  ;
+----------------+-------+-------------------------------------------------------+
; n              ; 32    ; Signed Integer                                        ;
+----------------+-------+-------------------------------------------------------+
Note: In order to hide this table in the UI and the text report file, please set the "Show Parameter Settings in Synthesis Report" option in "Analysis and Synthesis Settings -> More Settings" to "Off".


+---------------------------------------------------------------------------------------+
; Parameter Settings for User Entity Instance: SCP:inst2|FETCH:inst1|LPM_CONSTANT:inst4 ;
+--------------------+------------------+-----------------------------------------------+
; Parameter Name     ; Value            ; Type                                          ;
+--------------------+------------------+-----------------------------------------------+
; LPM_WIDTH          ; 32               ; Untyped                                       ;
; LPM_CVALUE         ; 4                ; Untyped                                       ;
; ENABLE_RUNTIME_MOD ; NO               ; Untyped                                       ;
; CBXI_PARAMETER     ; lpm_constant_4j4 ; Untyped                                       ;
+--------------------+------------------+-----------------------------------------------+
Note: In order to hide this table in the UI and the text report file, please set the "Show Parameter Settings in Synthesis Report" option in "Analysis and Synthesis Settings -> More Settings" to "Off".


+--------------------------------------------------------------------------------+
; Parameter Settings for User Entity Instance: SCP:inst2|FETCH:inst1|ADDER:inst3 ;
+----------------+-------+-------------------------------------------------------+
; Parameter Name ; Value ; Type                                                  ;
+----------------+-------+-------------------------------------------------------+
; n              ; 32    ; Signed Integer                                        ;
+----------------+-------+-------------------------------------------------------+
Note: In order to hide this table in the UI and the text report file, please set the "Show Parameter Settings in Synthesis Report" option in "Analysis and Synthesis Settings -> More Settings" to "Off".


+---------------------------------------------------------------------------------------+
; Parameter Settings for User Entity Instance: SCP:inst2|FETCH:inst1|LPM_CONSTANT:inst5 ;
+--------------------+------------------+-----------------------------------------------+
; Parameter Name     ; Value            ; Type                                          ;
+--------------------+------------------+-----------------------------------------------+
; LPM_WIDTH          ; 32               ; Untyped                                       ;
; LPM_CVALUE         ; 8                ; Untyped                                       ;
; ENABLE_RUNTIME_MOD ; NO               ; Untyped                                       ;
; CBXI_PARAMETER     ; lpm_constant_8j4 ; Untyped                                       ;
+--------------------+------------------+-----------------------------------------------+
Note: In order to hide this table in the UI and the text report file, please set the "Show Parameter Settings in Synthesis Report" option in "Analysis and Synthesis Settings -> More Settings" to "Off".


+--------------------------------------------------------------------------+
; Parameter Settings for User Entity Instance: SCP:inst2|BUSMUX_2TO1:inst5 ;
+----------------+-------+-------------------------------------------------+
; Parameter Name ; Value ; Type                                            ;
+----------------+-------+-------------------------------------------------+
; n              ; 32    ; Signed Integer                                  ;
+----------------+-------+-------------------------------------------------+
Note: In order to hide this table in the UI and the text report file, please set the "Show Parameter Settings in Synthesis Report" option in "Analysis and Synthesis Settings -> More Settings" to "Off".


+--------------------------------------------------------------------------+
; Parameter Settings for User Entity Instance: SCP:inst2|BUSMUX_2TO1:inst4 ;
+----------------+-------+-------------------------------------------------+
; Parameter Name ; Value ; Type                                            ;
+----------------+-------+-------------------------------------------------+
; n              ; 32    ; Signed Integer                                  ;
+----------------+-------+-------------------------------------------------+
Note: In order to hide this table in the UI and the text report file, please set the "Show Parameter Settings in Synthesis Report" option in "Analysis and Synthesis Settings -> More Settings" to "Off".


+-----------------------------------------------------------------+
; Parameter Settings for User Entity Instance: BUSMUX_2TO1:inst16 ;
+----------------+-------+----------------------------------------+
; Parameter Name ; Value ; Type                                   ;
+----------------+-------+----------------------------------------+
; n              ; 32    ; Signed Integer                         ;
+----------------+-------+----------------------------------------+
Note: In order to hide this table in the UI and the text report file, please set the "Show Parameter Settings in Synthesis Report" option in "Analysis and Synthesis Settings -> More Settings" to "Off".


+---------------------------------------------------------------------+
; Parameter Settings for User Entity Instance: SLIDERIN:inst4|REG:REG ;
+----------------+-------+--------------------------------------------+
; Parameter Name ; Value ; Type                                       ;
+----------------+-------+--------------------------------------------+
; n              ; 10    ; Signed Integer                             ;
+----------------+-------+--------------------------------------------+
Note: In order to hide this table in the UI and the text report file, please set the "Show Parameter Settings in Synthesis Report" option in "Analysis and Synthesis Settings -> More Settings" to "Off".


+-------------------------------------------------------------------+
; Parameter Settings for User Entity Instance: LEDOUT:inst|REG:inst ;
+----------------+-------+------------------------------------------+
; Parameter Name ; Value ; Type                                     ;
+----------------+-------+------------------------------------------+
; n              ; 32    ; Signed Integer                           ;
+----------------+-------+------------------------------------------+
Note: In order to hide this table in the UI and the text report file, please set the "Show Parameter Settings in Synthesis Report" option in "Analysis and Synthesis Settings -> More Settings" to "Off".


+---------------------------------------------------------------------+
; Parameter Settings for User Entity Instance: SEG7OUT:inst1|REG:inst ;
+----------------+-------+--------------------------------------------+
; Parameter Name ; Value ; Type                                       ;
+----------------+-------+--------------------------------------------+
; n              ; 32    ; Signed Integer                             ;
+----------------+-------+--------------------------------------------+
Note: In order to hide this table in the UI and the text report file, please set the "Show Parameter Settings in Synthesis Report" option in "Analysis and Synthesis Settings -> More Settings" to "Off".


+----------------------------------------------------+
; Port Connectivity Checks: "SLIDERIN:inst4|REG:REG" ;
+------+-------+----------+--------------------------+
; Port ; Type  ; Severity ; Details                  ;
+------+-------+----------+--------------------------+
; ld   ; Input ; Info     ; Stuck at VCC             ;
+------+-------+----------+--------------------------+


+-----------------------------------------------------+
; Post-Synthesis Netlist Statistics for Top Partition ;
+-----------------------+-----------------------------+
; Type                  ; Count                       ;
+-----------------------+-----------------------------+
; boundary_port         ; 223                         ;
; cycloneiii_ff         ; 1618                        ;
;     CLR               ; 12                          ;
;     CLR SLD           ; 30                          ;
;     ENA               ; 1024                        ;
;     ENA CLR           ; 552                         ;
; cycloneiii_lcell_comb ; 2239                        ;
;     arith             ; 121                         ;
;         2 data inputs ; 57                          ;
;         3 data inputs ; 64                          ;
;     normal            ; 2118                        ;
;         0 data inputs ; 2                           ;
;         1 data inputs ; 18                          ;
;         2 data inputs ; 36                          ;
;         3 data inputs ; 213                         ;
;         4 data inputs ; 1849                        ;
;                       ;                             ;
; Max LUT depth         ; 29.40                       ;
; Average LUT depth     ; 17.41                       ;
+-----------------------+-----------------------------+


+-------------------------------+
; Elapsed Time Per Partition    ;
+----------------+--------------+
; Partition Name ; Elapsed Time ;
+----------------+--------------+
; Top            ; 00:00:11     ;
+----------------+--------------+


+-------------------------------+
; Analysis & Synthesis Messages ;
+-------------------------------+
Info: *******************************************************************
Info: Running Quartus Prime Analysis & Synthesis
    Info: Version 18.0.0 Build 614 04/24/2018 SJ Lite Edition
    Info: Processing started: Thu May 16 21:49:35 2019
Info: Command: quartus_map --read_settings_files=on --write_settings_files=off SCP -c SCP
Warning (18236): Number of processors has not been specified which may cause overloading on shared machines.  Set the global assignment NUM_PARALLEL_PROCESSORS in your QSF to an appropriate value for best performance.
Info (20030): Parallel compilation is enabled and will use 4 of the 4 processors detected
Info (12021): Found 1 design units, including 1 entities, in source file seg7out.bdf
    Info (12023): Found entity 1: SEG7OUT
Info (12021): Found 2 design units, including 1 entities, in source file regfile.vhd
    Info (12022): Found design unit 1: REGFILE-behavioral File: D:/Documents/SCHOOL/CE1921/WK10_LAB/SCP/REGFILE.vhd Line: 29
    Info (12023): Found entity 1: REGFILE File: D:/Documents/SCHOOL/CE1921/WK10_LAB/SCP/REGFILE.vhd Line: 15
Info (12021): Found 2 design units, including 1 entities, in source file irom.vhd
    Info (12022): Found design unit 1: IROM-dataflow File: D:/Documents/SCHOOL/CE1921/WK10_LAB/SCP/IROM.vhd Line: 40
    Info (12023): Found entity 1: IROM File: D:/Documents/SCHOOL/CE1921/WK10_LAB/SCP/IROM.vhd Line: 35
Info (12021): Found 2 design units, including 1 entities, in source file dmem.vhd
    Info (12022): Found design unit 1: DMEM-behavioral File: D:/Documents/SCHOOL/CE1921/WK10_LAB/SCP/DMEM.vhd Line: 48
    Info (12023): Found entity 1: DMEM File: D:/Documents/SCHOOL/CE1921/WK10_LAB/SCP/DMEM.vhd Line: 36
Info (12021): Found 2 design units, including 1 entities, in source file barrelshifter.vhd
    Info (12022): Found design unit 1: BARRELSHIFTER-DATAFLOW File: D:/Documents/SCHOOL/CE1921/WK10_LAB/SCP/BARRELSHIFTER.vhd Line: 20
    Info (12023): Found entity 1: BARRELSHIFTER File: D:/Documents/SCHOOL/CE1921/WK10_LAB/SCP/BARRELSHIFTER.vhd Line: 7
Info (12021): Found 2 design units, including 1 entities, in source file extender.vhd
    Info (12022): Found design unit 1: EXTENDER-DATAFLOW File: D:/Documents/SCHOOL/CE1921/WK10_LAB/SCP/EXTENDER.vhd Line: 18
    Info (12023): Found entity 1: EXTENDER File: D:/Documents/SCHOOL/CE1921/WK10_LAB/SCP/EXTENDER.vhd Line: 6
Info (12021): Found 2 design units, including 1 entities, in source file reg.vhd
    Info (12022): Found design unit 1: REG-BEHAVIORAL File: D:/Documents/SCHOOL/CE1921/WK10_LAB/SCP/REG.vhd Line: 22
    Info (12023): Found entity 1: REG File: D:/Documents/SCHOOL/CE1921/WK10_LAB/SCP/REG.vhd Line: 5
Info (12021): Found 2 design units, including 1 entities, in source file decoder.vhd
    Info (12022): Found design unit 1: DECODER-DATAFLOW File: D:/Documents/SCHOOL/CE1921/WK10_LAB/SCP/DECODER.vhd Line: 18
    Info (12023): Found entity 1: DECODER File: D:/Documents/SCHOOL/CE1921/WK10_LAB/SCP/DECODER.vhd Line: 5
Warning (12090): Entity "BUSMUX" obtained from "BUSMUX.vhd" instead of from Quartus Prime megafunction library File: D:/Documents/SCHOOL/CE1921/WK10_LAB/SCP/BUSMUX.vhd Line: 5
Info (12021): Found 2 design units, including 1 entities, in source file busmux.vhd
    Info (12022): Found design unit 1: BUSMUX-DATAFLOW File: D:/Documents/SCHOOL/CE1921/WK10_LAB/SCP/BUSMUX.vhd Line: 21
    Info (12023): Found entity 1: BUSMUX File: D:/Documents/SCHOOL/CE1921/WK10_LAB/SCP/BUSMUX.vhd Line: 5
Info (12021): Found 2 design units, including 1 entities, in source file alu.vhd
    Info (12022): Found design unit 1: ALU-DATAFLOW File: D:/Documents/SCHOOL/CE1921/WK10_LAB/SCP/ALU.vhd Line: 17
    Info (12023): Found entity 1: ALU File: D:/Documents/SCHOOL/CE1921/WK10_LAB/SCP/ALU.vhd Line: 5
Info (12021): Found 1 design units, including 1 entities, in source file fetch.bdf
    Info (12023): Found entity 1: FETCH
Info (12021): Found 1 design units, including 1 entities, in source file decode.bdf
    Info (12023): Found entity 1: DECODE
Info (12021): Found 1 design units, including 1 entities, in source file execute.bdf
    Info (12023): Found entity 1: EXECUTE
Info (12021): Found 2 design units, including 1 entities, in source file adder.vhd
    Info (12022): Found design unit 1: ADDER-DATAFLOW File: D:/Documents/SCHOOL/CE1921/WK10_LAB/SCP/ADDER.vhd Line: 18
    Info (12023): Found entity 1: ADDER File: D:/Documents/SCHOOL/CE1921/WK10_LAB/SCP/ADDER.vhd Line: 5
Info (12021): Found 1 design units, including 1 entities, in source file scp.bdf
    Info (12023): Found entity 1: SCP
Info (12021): Found 2 design units, including 1 entities, in source file busmux_2to1.vhd
    Info (12022): Found design unit 1: BUSMUX_2TO1-DATAFLOW File: D:/Documents/SCHOOL/CE1921/WK10_LAB/SCP/BUSMUX_2TO1.vhd Line: 20
    Info (12023): Found entity 1: BUSMUX_2TO1 File: D:/Documents/SCHOOL/CE1921/WK10_LAB/SCP/BUSMUX_2TO1.vhd Line: 5
Info (12021): Found 2 design units, including 1 entities, in source file controller.vhd
    Info (12022): Found design unit 1: CONTROLLER-BEHAVIORAL File: D:/Documents/SCHOOL/CE1921/WK10_LAB/SCP/CONTROLLER.vhd Line: 38
    Info (12023): Found entity 1: CONTROLLER File: D:/Documents/SCHOOL/CE1921/WK10_LAB/SCP/CONTROLLER.vhd Line: 4
Info (12021): Found 2 design units, including 1 entities, in source file iromv5.vhd
    Info (12022): Found design unit 1: IROMV5-DATAFLOW File: D:/Documents/SCHOOL/CE1921/WK10_LAB/SCP/IROMV5.vhd Line: 36
    Info (12023): Found entity 1: IROMV5 File: D:/Documents/SCHOOL/CE1921/WK10_LAB/SCP/IROMV5.vhd Line: 31
Info (12021): Found 2 design units, including 1 entities, in source file synchronizer.vhd
    Info (12022): Found design unit 1: SYNCHRONIZER-behavioral File: D:/Documents/SCHOOL/CE1921/WK10_LAB/SCP/SYNCHRONIZER.vhd Line: 9
    Info (12023): Found entity 1: SYNCHRONIZER File: D:/Documents/SCHOOL/CE1921/WK10_LAB/SCP/SYNCHRONIZER.vhd Line: 4
Info (12021): Found 2 design units, including 1 entities, in source file seg7decoder.vhd
    Info (12022): Found design unit 1: SEG7DECODER-DATAFLOW File: D:/Documents/SCHOOL/CE1921/WK10_LAB/SCP/SEG7DECODER.vhd Line: 19
    Info (12023): Found entity 1: SEG7DECODER File: D:/Documents/SCHOOL/CE1921/WK10_LAB/SCP/SEG7DECODER.vhd Line: 4
Info (12021): Found 1 design units, including 1 entities, in source file ledout.bdf
    Info (12023): Found entity 1: LEDOUT
Info (12021): Found 2 design units, including 1 entities, in source file addrdecoder.vhd
    Info (12022): Found design unit 1: ADDRDECODER-DATAFLOW File: D:/Documents/SCHOOL/CE1921/WK10_LAB/SCP/ADDRDECODER.vhd Line: 20
    Info (12023): Found entity 1: ADDRDECODER File: D:/Documents/SCHOOL/CE1921/WK10_LAB/SCP/ADDRDECODER.vhd Line: 5
Info (12021): Found 2 design units, including 1 entities, in source file sliderin.vhd
    Info (12022): Found design unit 1: SLIDERIN-DATAFLOW File: D:/Documents/SCHOOL/CE1921/WK10_LAB/SCP/SLIDERIN.vhd Line: 16
    Info (12023): Found entity 1: SLIDERIN File: D:/Documents/SCHOOL/CE1921/WK10_LAB/SCP/SLIDERIN.vhd Line: 4
Info (12021): Found 1 design units, including 1 entities, in source file system.bdf
    Info (12023): Found entity 1: SYSTEM
Info (12127): Elaborating entity "SYSTEM" for the top level hierarchy
Info (12128): Elaborating entity "SCP" for hierarchy "SCP:inst2"
Info (12128): Elaborating entity "CONTROLLER" for hierarchy "SCP:inst2|CONTROLLER:inst8"
Warning (10036): Verilog HDL or VHDL warning at CONTROLLER.vhd(44): object "B" assigned a value but never read File: D:/Documents/SCHOOL/CE1921/WK10_LAB/SCP/CONTROLLER.vhd Line: 44
Info (12128): Elaborating entity "EXECUTE" for hierarchy "SCP:inst2|EXECUTE:inst3"
Info (12128): Elaborating entity "REG" for hierarchy "SCP:inst2|EXECUTE:inst3|REG:inst1"
Info (12128): Elaborating entity "ALU" for hierarchy "SCP:inst2|EXECUTE:inst3|ALU:inst"
Info (12128): Elaborating entity "DECODE" for hierarchy "SCP:inst2|DECODE:inst"
Info (12128): Elaborating entity "REGFILE" for hierarchy "SCP:inst2|DECODE:inst|REGFILE:inst"
Info (12128): Elaborating entity "BUSMUX_2TO1" for hierarchy "SCP:inst2|DECODE:inst|BUSMUX_2TO1:inst2"
Info (12128): Elaborating entity "BUSMUX_2TO1" for hierarchy "SCP:inst2|DECODE:inst|BUSMUX_2TO1:inst8"
Info (12128): Elaborating entity "BARRELSHIFTER" for hierarchy "SCP:inst2|DECODE:inst|BARRELSHIFTER:inst3"
Info (12128): Elaborating entity "EXTENDER" for hierarchy "SCP:inst2|DECODE:inst|EXTENDER:inst1"
Info (12128): Elaborating entity "ADDER" for hierarchy "SCP:inst2|DECODE:inst|ADDER:inst7"
Info (12128): Elaborating entity "FETCH" for hierarchy "SCP:inst2|FETCH:inst1"
Info (12128): Elaborating entity "IROMV5" for hierarchy "SCP:inst2|FETCH:inst1|IROMV5:inst"
Info (12128): Elaborating entity "REG" for hierarchy "SCP:inst2|FETCH:inst1|REG:inst1"
Info (12128): Elaborating entity "LPM_CONSTANT" for hierarchy "SCP:inst2|FETCH:inst1|LPM_CONSTANT:inst4"
Info (12130): Elaborated megafunction instantiation "SCP:inst2|FETCH:inst1|LPM_CONSTANT:inst4"
Info (12133): Instantiated megafunction "SCP:inst2|FETCH:inst1|LPM_CONSTANT:inst4" with the following parameter:
    Info (12134): Parameter "LPM_CVALUE" = "4"
    Info (12134): Parameter "LPM_WIDTH" = "32"
Info (12021): Found 1 design units, including 1 entities, in source file db/lpm_constant_4j4.tdf
    Info (12023): Found entity 1: lpm_constant_4j4 File: D:/Documents/SCHOOL/CE1921/WK10_LAB/SCP/db/lpm_constant_4j4.tdf Line: 22
Info (12128): Elaborating entity "lpm_constant_4j4" for hierarchy "SCP:inst2|FETCH:inst1|LPM_CONSTANT:inst4|lpm_constant_4j4:ag" File: c:/intelfpga_lite/18.0/quartus/libraries/megafunctions/lpm_constant.tdf Line: 45
Info (12128): Elaborating entity "LPM_CONSTANT" for hierarchy "SCP:inst2|FETCH:inst1|LPM_CONSTANT:inst5"
Info (12130): Elaborated megafunction instantiation "SCP:inst2|FETCH:inst1|LPM_CONSTANT:inst5"
Info (12133): Instantiated megafunction "SCP:inst2|FETCH:inst1|LPM_CONSTANT:inst5" with the following parameter:
    Info (12134): Parameter "LPM_CVALUE" = "8"
    Info (12134): Parameter "LPM_WIDTH" = "32"
Info (12021): Found 1 design units, including 1 entities, in source file db/lpm_constant_8j4.tdf
    Info (12023): Found entity 1: lpm_constant_8j4 File: D:/Documents/SCHOOL/CE1921/WK10_LAB/SCP/db/lpm_constant_8j4.tdf Line: 22
Info (12128): Elaborating entity "lpm_constant_8j4" for hierarchy "SCP:inst2|FETCH:inst1|LPM_CONSTANT:inst5|lpm_constant_8j4:ag" File: c:/intelfpga_lite/18.0/quartus/libraries/megafunctions/lpm_constant.tdf Line: 45
Info (12128): Elaborating entity "SYNCHRONIZER" for hierarchy "SYNCHRONIZER:inst5"
Info (12128): Elaborating entity "ADDRDECODER" for hierarchy "ADDRDECODER:inst3"
Info (12128): Elaborating entity "SLIDERIN" for hierarchy "SLIDERIN:inst4"
Info (12128): Elaborating entity "REG" for hierarchy "SLIDERIN:inst4|REG:REG" File: D:/Documents/SCHOOL/CE1921/WK10_LAB/SCP/SLIDERIN.vhd Line: 22
Info (12128): Elaborating entity "DMEM" for hierarchy "DMEM:inst6"
Info (12128): Elaborating entity "LEDOUT" for hierarchy "LEDOUT:inst"
Info (12128): Elaborating entity "SEG7OUT" for hierarchy "SEG7OUT:inst1"
Info (12128): Elaborating entity "SEG7DECODER" for hierarchy "SEG7OUT:inst1|SEG7DECODER:inst1"
Info (276014): Found 1 instances of uninferred RAM logic
    Info (276007): RAM logic "DMEM:inst6|MEMARRAY" is uninferred due to asynchronous read logic File: D:/Documents/SCHOOL/CE1921/WK10_LAB/SCP/DMEM.vhd Line: 50
Warning (13024): Output pins are stuck at VCC or GND
    Warning (13410): Pin "PCWR" is stuck at VCC
    Warning (13410): Pin "SEG0[7]" is stuck at VCC
    Warning (13410): Pin "SEG1[7]" is stuck at VCC
    Warning (13410): Pin "SEG2[7]" is stuck at VCC
    Warning (13410): Pin "SEG3[7]" is stuck at VCC
    Warning (13410): Pin "SEG4[7]" is stuck at VCC
    Warning (13410): Pin "SEG5[7]" is stuck at VCC
    Warning (13410): Pin "SHAMT[4]" is stuck at GND
    Warning (13410): Pin "SHAMT[3]" is stuck at GND
    Warning (13410): Pin "SHAMT[2]" is stuck at GND
Info (286030): Timing-Driven Synthesis is running
Info (16010): Generating hard_block partition "hard_block:auto_generated_inst"
    Info (16011): Adding 0 node(s), including 0 DDIO, 0 PLL, 0 transceiver and 0 LCELL
Info (21057): Implemented 4029 device resources after synthesis - the final resource count might be different
    Info (21058): Implemented 12 input pins
    Info (21059): Implemented 211 output pins
    Info (21061): Implemented 3806 logic cells
Info: Quartus Prime Analysis & Synthesis was successful. 0 errors, 14 warnings
    Info: Peak virtual memory: 4828 megabytes
    Info: Processing ended: Thu May 16 21:49:56 2019
    Info: Elapsed time: 00:00:21
    Info: Total CPU time (on all processors): 00:00:33


