------------------------------------------------------------
Timing Analyzer Summary
------------------------------------------------------------

Type  : Slow 1200mV 85C Model Setup 'CLK'
Slack : -2.748
TNS   : -2011.998

Type  : Slow 1200mV 85C Model Hold 'CLK'
Slack : 0.420
TNS   : 0.000

Type  : Slow 1200mV 85C Model Recovery 'CLK'
Slack : 15.757
TNS   : 0.000

Type  : Slow 1200mV 85C Model Removal 'CLK'
Slack : 3.157
TNS   : 0.000

Type  : Slow 1200mV 85C Model Minimum Pulse Width 'CLK'
Slack : 9.679
TNS   : 0.000

Type  : Slow 1200mV 0C Model Setup 'CLK'
Slack : -0.979
TNS   : -163.941

Type  : Slow 1200mV 0C Model Hold 'CLK'
Slack : 0.388
TNS   : 0.000

Type  : Slow 1200mV 0C Model Recovery 'CLK'
Slack : 16.086
TNS   : 0.000

Type  : Slow 1200mV 0C Model Removal 'CLK'
Slack : 2.837
TNS   : 0.000

Type  : Slow 1200mV 0C Model Minimum Pulse Width 'CLK'
Slack : 9.713
TNS   : 0.000

Type  : Fast 1200mV 0C Model Setup 'CLK'
Slack : 10.223
TNS   : 0.000

Type  : Fast 1200mV 0C Model Hold 'CLK'
Slack : 0.163
TNS   : 0.000

Type  : Fast 1200mV 0C Model Recovery 'CLK'
Slack : 17.874
TNS   : 0.000

Type  : Fast 1200mV 0C Model Removal 'CLK'
Slack : 1.535
TNS   : 0.000

Type  : Fast 1200mV 0C Model Minimum Pulse Width 'CLK'
Slack : 9.435
TNS   : 0.000

------------------------------------------------------------
